[babai.in.ua/jonathan/index.html]
[babai.in.ua/jonathan/img/favicon.png]
[backblue.gif]
[fade.gif]
[index.html]
[babai.in.ua/jonathan/img/photo3.jpg]
[babai.in.ua/jonathan/img/portfolio1.jpg]
[babai.in.ua/jonathan/img/portfolio2.jpg]
[babai.in.ua/jonathan/img/portfolio3.jpg]
[babai.in.ua/jonathan/img/portfolio4.jpg]
[babai.in.ua/jonathan/img/portfolio5.jpg]
[babai.in.ua/jonathan/img/portfolio6.jpg]
[babai.in.ua/jonathan/img/portfolio7.jpg]
[babai.in.ua/jonathan/img/portfolio8.jpg]
[babai.in.ua/jonathan/img/portfolio9.jpg]
[babai.in.ua/jonathan/img/user02.jpg]
[babai.in.ua/jonathan/img/user03.jpg]
[babai.in.ua/jonathan/js/jquery-3.7.1.min.js]
[cdn.jsdelivr.net/npm/@popperjs/core@2.11.8/dist/umd/popper.min.js]
[cdn.jsdelivr.net/npm/bootstrap@5.3.3/dist/js/bootstrap.bundle.min.js]
[babai.in.ua/jonathan/js/scrollIt.min.js]
[babai.in.ua/jonathan/js/typed.min.js]
[babai.in.ua/jonathan/js/jquery.waypoints.min.js]
[babai.in.ua/jonathan/js/counterup.min.js]
[babai.in.ua/jonathan/js/tiny-slider.js]
[babai.in.ua/jonathan/js/aos.js]
[babai.in.ua/jonathan/js/main.js]
[babai.in.ua/jonathan/index.html]
[babai.in.ua/jonathan/css/bootstrap.min.css]
[babai.in.ua/jonathan/webfonts/fa-brands-400.ttf]
[babai.in.ua/jonathan/webfonts/fa-regular-400.ttf]
[babai.in.ua/jonathan/webfonts/fa-solid-900.ttf]
[babai.in.ua/jonathan/webfonts/fa-v4compatibility.ttf]
[babai.in.ua/jonathan/css/fontawesome.min.css]
[babai.in.ua/jonathan/css/tiny-slider.css]
[babai.in.ua/jonathan/css/aos.css]
[babai.in.ua/jonathan/img/bg-header.jpg]
[babai.in.ua/jonathan/img/bg-statistics.jpg]
[babai.in.ua/jonathan/css/style.css]
[babai.in.ua/jonathan/webfonts/fa-brands-400.html]
[babai.in.ua/jonathan/webfonts/fa-regular-400.html]
[babai.in.ua/jonathan/webfonts/fa-solid-900.html]
[babai.in.ua/jonathan/webfonts/fa-v4compatibility.html]
